AnsprAufO;0
AnsprAufV;0
AnsprBand;0
AnsprHyst;0
AnsprZuO;0
AnsprZuV;0
AutoIbsOk;0
BinSteuer;0
NImpuls;1
NRegFkt;0
Nerker1;0
RegDiff;0
RegDiffSch;0
RegMode;0
SollwertRev;0
StellFwd;0
StellIstRev;0
WirkFall;0
